Line 2, characters 13-14: Error (parsing)
  Syntax error.
