Line 3, characters 23-24: Error (parsing)
  Syntax error.
