Line 6, characters 4-9: Error (parsing)
  Syntax error.
