Line 3, characters 1-2: Error (parsing)
  Syntax error.
